// Jest Snapshot v1, https://goo.gl/fbAQLP

exports[`should render loading page 1`] = `
<div
  className="loader"
>
  <img
    alt="Loading..."
    className="loader__image"
    src="/Images/loader.gif"
  />
</div>
`;
